------------------------------------------------------------
Timing Analyzer Summary
------------------------------------------------------------

Type  : Slow 1200mV 85C Model Setup 'PLL|altpll_component|auto_generated|pll1|clk[0]'
Slack : -82.614
TNS   : -2650.270

Type  : Slow 1200mV 85C Model Setup 'adc_logic:inst|out_ready'
Slack : -32.975
TNS   : -1115.923

Type  : Slow 1200mV 85C Model Setup 'PLL|altpll_component|auto_generated|pll1|clk[1]'
Slack : -0.875
TNS   : -7.573

Type  : Slow 1200mV 85C Model Hold 'PLL|altpll_component|auto_generated|pll1|clk[1]'
Slack : -0.216
TNS   : -0.216

Type  : Slow 1200mV 85C Model Hold 'PLL|altpll_component|auto_generated|pll1|clk[0]'
Slack : 0.344
TNS   : 0.000

Type  : Slow 1200mV 85C Model Hold 'adc_logic:inst|out_ready'
Slack : 0.511
TNS   : 0.000

Type  : Slow 1200mV 85C Model Minimum Pulse Width 'adc_logic:inst|out_ready'
Slack : -1.000
TNS   : -140.000

Type  : Slow 1200mV 85C Model Minimum Pulse Width 'CLK'
Slack : 9.835
TNS   : 0.000

Type  : Slow 1200mV 85C Model Minimum Pulse Width 'PLL|altpll_component|auto_generated|pll1|clk[0]'
Slack : 12.246
TNS   : 0.000

Type  : Slow 1200mV 85C Model Minimum Pulse Width 'PLL|altpll_component|auto_generated|pll1|clk[1]'
Slack : 499.747
TNS   : 0.000

Type  : Slow 1200mV 0C Model Setup 'PLL|altpll_component|auto_generated|pll1|clk[0]'
Slack : -71.071
TNS   : -2277.774

Type  : Slow 1200mV 0C Model Setup 'adc_logic:inst|out_ready'
Slack : -29.020
TNS   : -972.978

Type  : Slow 1200mV 0C Model Setup 'PLL|altpll_component|auto_generated|pll1|clk[1]'
Slack : -0.676
TNS   : -5.814

Type  : Slow 1200mV 0C Model Hold 'PLL|altpll_component|auto_generated|pll1|clk[1]'
Slack : -0.274
TNS   : -0.274

Type  : Slow 1200mV 0C Model Hold 'PLL|altpll_component|auto_generated|pll1|clk[0]'
Slack : 0.299
TNS   : 0.000

Type  : Slow 1200mV 0C Model Hold 'adc_logic:inst|out_ready'
Slack : 0.469
TNS   : 0.000

Type  : Slow 1200mV 0C Model Minimum Pulse Width 'adc_logic:inst|out_ready'
Slack : -1.000
TNS   : -140.000

Type  : Slow 1200mV 0C Model Minimum Pulse Width 'CLK'
Slack : 9.818
TNS   : 0.000

Type  : Slow 1200mV 0C Model Minimum Pulse Width 'PLL|altpll_component|auto_generated|pll1|clk[0]'
Slack : 12.243
TNS   : 0.000

Type  : Slow 1200mV 0C Model Minimum Pulse Width 'PLL|altpll_component|auto_generated|pll1|clk[1]'
Slack : 499.743
TNS   : 0.000

Type  : Fast 1200mV 0C Model Setup 'PLL|altpll_component|auto_generated|pll1|clk[0]'
Slack : -36.903
TNS   : -1175.784

Type  : Fast 1200mV 0C Model Setup 'adc_logic:inst|out_ready'
Slack : -18.379
TNS   : -578.699

Type  : Fast 1200mV 0C Model Setup 'PLL|altpll_component|auto_generated|pll1|clk[1]'
Slack : -0.361
TNS   : -3.068

Type  : Fast 1200mV 0C Model Hold 'PLL|altpll_component|auto_generated|pll1|clk[1]'
Slack : -0.123
TNS   : -0.123

Type  : Fast 1200mV 0C Model Hold 'PLL|altpll_component|auto_generated|pll1|clk[0]'
Slack : 0.178
TNS   : 0.000

Type  : Fast 1200mV 0C Model Hold 'adc_logic:inst|out_ready'
Slack : 0.262
TNS   : 0.000

Type  : Fast 1200mV 0C Model Minimum Pulse Width 'adc_logic:inst|out_ready'
Slack : -1.000
TNS   : -140.000

Type  : Fast 1200mV 0C Model Minimum Pulse Width 'CLK'
Slack : 9.587
TNS   : 0.000

Type  : Fast 1200mV 0C Model Minimum Pulse Width 'PLL|altpll_component|auto_generated|pll1|clk[0]'
Slack : 12.282
TNS   : 0.000

Type  : Fast 1200mV 0C Model Minimum Pulse Width 'PLL|altpll_component|auto_generated|pll1|clk[1]'
Slack : 499.782
TNS   : 0.000

------------------------------------------------------------
